// Jest Snapshot v1, https://goo.gl/fbAQLP

exports[`should render expense list component with expense info 1`] = `
<div>
  <Link
    to="/edit/undefined"
  >
    <h3>
      Expense | 
    </h3>
  </Link>
  <p>
    Price | 
    $0.00
  </p>
  <p>
    Spent on 
    Jul 23rd 2019
  </p>
  <p />
  <br />
</div>
`;
